(<class 'selenium.common.exceptions.TimeoutException'>, TimeoutException('', None, ['Backtrace:', '\tOrdinal0 [0x00E16463+2188387]', '\tOrdinal0 [0x00DAE461+1762401]', '\tOrdinal0 [0x00CC3D78+802168]', '\tOrdinal0 [0x00CF1880+989312]', '\tOrdinal0 [0x00CF1B1B+989979]', '\tOrdinal0 [0x00D1E912+1173778]', '\tOrdinal0 [0x00D0C824+1099812]', '\tOrdinal0 [0x00D1CC22+1166370]', '\tOrdinal0 [0x00D0C5F6+1099254]', '\tOrdinal0 [0x00CE6BE0+945120]', '\tOrdinal0 [0x00CE7AD6+948950]', '\tGetHandleVerifier [0x010B71F2+2712546]', '\tGetHandleVerifier [0x010A886D+2652765]', '\tGetHandleVerifier [0x00EA002A+520730]', '\tGetHandleVerifier [0x00E9EE06+516086]', '\tOrdinal0 [0x00DB468B+1787531]', '\tOrdinal0 [0x00DB8E88+1805960]', '\tOrdinal0 [0x00DB8F75+1806197]', '\tOrdinal0 [0x00DC1DF1+1842673]', '\tBaseThreadInitThunk [0x75148494+36]', '\tRtlAreBitsSet [0x77EA41C8+136]', '\tRtlAreBitsSet [0x77EA4198+88]', '']), <traceback object at 0x0000016D37691940>)(<class 'selenium.common.exceptions.TimeoutException'>, TimeoutException('', None, ['Backtrace:', '\tOrdinal0 [0x00E16463+2188387]', '\tOrdinal0 [0x00DAE461+1762401]', '\tOrdinal0 [0x00CC3D78+802168]', '\tOrdinal0 [0x00CF1880+989312]', '\tOrdinal0 [0x00CF1B1B+989979]', '\tOrdinal0 [0x00D1E912+1173778]', '\tOrdinal0 [0x00D0C824+1099812]', '\tOrdinal0 [0x00D1CC22+1166370]', '\tOrdinal0 [0x00D0C5F6+1099254]', '\tOrdinal0 [0x00CE6BE0+945120]', '\tOrdinal0 [0x00CE7AD6+948950]', '\tGetHandleVerifier [0x010B71F2+2712546]', '\tGetHandleVerifier [0x010A886D+2652765]', '\tGetHandleVerifier [0x00EA002A+520730]', '\tGetHandleVerifier [0x00E9EE06+516086]', '\tOrdinal0 [0x00DB468B+1787531]', '\tOrdinal0 [0x00DB8E88+1805960]', '\tOrdinal0 [0x00DB8F75+1806197]', '\tOrdinal0 [0x00DC1DF1+1842673]', '\tBaseThreadInitThunk [0x75148494+36]', '\tRtlAreBitsSet [0x77EA41C8+136]', '\tRtlAreBitsSet [0x77EA4198+88]', '']), <traceback object at 0x000001E756D83D80>)(<class 'selenium.common.exceptions.TimeoutException'>, TimeoutException('', None, ['Backtrace:', '\tOrdinal0 [0x00E16463+2188387]', '\tOrdinal0 [0x00DAE461+1762401]', '\tOrdinal0 [0x00CC3D78+802168]', '\tOrdinal0 [0x00CF1880+989312]', '\tOrdinal0 [0x00CF1B1B+989979]', '\tOrdinal0 [0x00D1E912+1173778]', '\tOrdinal0 [0x00D0C824+1099812]', '\tOrdinal0 [0x00D1CC22+1166370]', '\tOrdinal0 [0x00D0C5F6+1099254]', '\tOrdinal0 [0x00CE6BE0+945120]', '\tOrdinal0 [0x00CE7AD6+948950]', '\tGetHandleVerifier [0x010B71F2+2712546]', '\tGetHandleVerifier [0x010A886D+2652765]', '\tGetHandleVerifier [0x00EA002A+520730]', '\tGetHandleVerifier [0x00E9EE06+516086]', '\tOrdinal0 [0x00DB468B+1787531]', '\tOrdinal0 [0x00DB8E88+1805960]', '\tOrdinal0 [0x00DB8F75+1806197]', '\tOrdinal0 [0x00DC1DF1+1842673]', '\tBaseThreadInitThunk [0x75148494+36]', '\tRtlAreBitsSet [0x77EA41C8+136]', '\tRtlAreBitsSet [0x77EA4198+88]', '']), <traceback object at 0x0000026E740B06C0>)(<class 'selenium.common.exceptions.TimeoutException'>, TimeoutException('', None, ['Backtrace:', '\tOrdinal0 [0x00E16463+2188387]', '\tOrdinal0 [0x00DAE461+1762401]', '\tOrdinal0 [0x00CC3D78+802168]', '\tOrdinal0 [0x00CF1880+989312]', '\tOrdinal0 [0x00CF1B1B+989979]', '\tOrdinal0 [0x00D1E912+1173778]', '\tOrdinal0 [0x00D0C824+1099812]', '\tOrdinal0 [0x00D1CC22+1166370]', '\tOrdinal0 [0x00D0C5F6+1099254]', '\tOrdinal0 [0x00CE6BE0+945120]', '\tOrdinal0 [0x00CE7AD6+948950]', '\tGetHandleVerifier [0x010B71F2+2712546]', '\tGetHandleVerifier [0x010A886D+2652765]', '\tGetHandleVerifier [0x00EA002A+520730]', '\tGetHandleVerifier [0x00E9EE06+516086]', '\tOrdinal0 [0x00DB468B+1787531]', '\tOrdinal0 [0x00DB8E88+1805960]', '\tOrdinal0 [0x00DB8F75+1806197]', '\tOrdinal0 [0x00DC1DF1+1842673]', '\tBaseThreadInitThunk [0x75148494+36]', '\tRtlAreBitsSet [0x77EA41C8+136]', '\tRtlAreBitsSet [0x77EA4198+88]', '']), <traceback object at 0x000002A96450F400>)